==============================================================================
CSV ENRICHMENT PIPELINE
==============================================================================
  Data dir: c:\git\bb-5kbc-sites\data
  Original: fst_wgs84_comma.csv
  Final:    fst_wgs84.csv
  Mode:     'literature'
  Skipping: geo (reusing existing output)
  Git:      c996fbf4 on main (dirty)
  Run ID:   2026-04-27T13-58-01Z
  Run log:  c:\git\bb-5kbc-sites\data\csv_enrichment_run.log

==============================================================================
[1/4]  LITERATURE ENRICHMENT
==============================================================================
  [enrich_qids] Reading: c:\git\bb-5kbc-sites\data\fst_wgs84_comma.csv
  [enrich_qids]   540 rows, 32 columns
  [enrich_qids] Wrote:   c:\git\bb-5kbc-sites\data\fst_wgs84_lit_enriched.csv
  [enrich_qids] QID_quelle_georef: 205 filled, 335 confirmed, 0 overwritten
  [enrich_qids] QID_publikation:   269 filled, 2 confirmed, 0 overwritten
  [enrich_qids] No missing matches, no conflicts.
  [stage 1/4] done in 0.06s

==============================================================================
[2/4]  GEO REFERENCE MAPPING — SKIPPED (reusing existing output)
==============================================================================
  Reusing: fst_standortanalysen_ref_mapped.csv
  Last modified: 2026-04-27T08:29:10+00:00

==============================================================================
[3/4]  GEO MERGE
==============================================================================
  [enrich_fst] Reading original: c:\git\bb-5kbc-sites\data\fst_wgs84_lit_enriched.csv
  [enrich_fst]   540 rows, 32 columns
  [enrich_fst] Reading mapped:   c:\git\bb-5kbc-sites\data\enrichment\mapping_admin_regions\fst_standortanalysen_ref_mapped.csv
  [enrich_fst]   540 rows, 46 columns
  [enrich_fst] Wrote: c:\git\bb-5kbc-sites\data\fst_wgs84.csv
  [enrich_fst]   Rows: 540  |  Columns: 64
  [stage 3/4] done in 0.07s

==============================================================================
[4/4]  PROVENANCE MANIFEST
==============================================================================
  [stage 4/4] manifest written to c:\git\bb-5kbc-sites\data\csv_enrichment_run.ttl

==============================================================================
PIPELINE COMPLETE
==============================================================================
  Mode:             'literature'
  Total time:       5.76s
  Literature QIDs:  205 georef + 269 pub  (0 missing in csv_enrichment_literature.log)
  Geo SPARQL:       skipped (reused fst_standortanalysen_ref_mapped.csv)
  Final CSV:        c:\git\bb-5kbc-sites\data\fst_wgs84.csv
                    540 rows x 64 columns
  Provenance:       csv_enrichment_run.ttl
  Run log:          csv_enrichment_run.log

